
> bedrock-kit@0.0.5 test
> node test/bedrockKit.test.js


ΓöÇΓöÇ AddOn ΓöÇΓöÇΓöÇΓöÇΓöÇΓöÇΓöÇΓöÇΓöÇΓöÇΓöÇΓöÇΓöÇΓöÇΓöÇΓöÇΓöÇΓöÇΓöÇΓöÇΓöÇΓöÇΓöÇΓöÇΓöÇΓöÇΓöÇΓöÇΓöÇΓöÇΓöÇΓöÇΓöÇΓöÇΓöÇΓöÇΓöÇΓöÇΓöÇΓöÇΓöÇΓöÇΓöÇΓöÇΓöÇ
  Γ£à behaviorPackPath set
  Γ£à resourcePackPath set
  Γ£à itemTextures loaded
  Γ£à itemTextures has entries
  Γ£à terrainTextures loaded
  Γ£à soundDefinitions loaded
  Γ£à musicDefinitions loaded
  Γ£à entitySoundEvents loaded
  Γ£à blockSoundEvents loaded

ΓöÇΓöÇ Items ΓöÇΓöÇΓöÇΓöÇΓöÇΓöÇΓöÇΓöÇΓöÇΓöÇΓöÇΓöÇΓöÇΓöÇΓöÇΓöÇΓöÇΓöÇΓöÇΓöÇΓöÇΓöÇΓöÇΓöÇΓöÇΓöÇΓöÇΓöÇΓöÇΓöÇΓöÇΓöÇΓöÇΓöÇΓöÇΓöÇΓöÇΓöÇΓöÇΓöÇΓöÇΓöÇΓöÇΓöÇΓöÇ
  Γ£à getAllItems() non-empty
  Γ£à all have identifiers
  Γ£à getItem() null for unknown
  Γ£à getItem() finds copper_spear
  Γ£à data has minecraft:item key
  Γ£à getTexturePath() resolves
  Γ£à getRecipes() returns recipes

ΓöÇΓöÇ Recipes ΓöÇΓöÇΓöÇΓöÇΓöÇΓöÇΓöÇΓöÇΓöÇΓöÇΓöÇΓöÇΓöÇΓöÇΓöÇΓöÇΓöÇΓöÇΓöÇΓöÇΓöÇΓöÇΓöÇΓöÇΓöÇΓöÇΓöÇΓöÇΓöÇΓöÇΓöÇΓöÇΓöÇΓöÇΓöÇΓöÇΓöÇΓöÇΓöÇΓöÇΓöÇΓöÇΓöÇ
  Γ£à getAllRecipes() non-empty
  Γ£à all have valid types
  Γ£à getRecipesFor() finds copper_spear
  Γ£à resolveShape() returns 2D grid
  Γ£à grid cells are Item/Tag/null
  Γ£à resolveShape() null for non-shaped
  Γ£à resolveShapeless() null for non-shapeless
  Γ£à resolveFurnace() null for non-furnace
  Γ£à resolveBrewing() null for non-brewing
  Γ£à getResultStack() returns ItemStack
  Γ£à getResultStack() identifier
  Γ£à getResultStack() count is number
  Γ£à getRecipesUsingItem() finds stick
  Γ£à getRecipesUsingItem() empty for unknown
  Γ£à getRecipesUsingTag() finds stone_crafting_materials
  Γ£à getRecipesUsingTag() empty for unknown

ΓöÇΓöÇ Loot Tables ΓöÇΓöÇΓöÇΓöÇΓöÇΓöÇΓöÇΓöÇΓöÇΓöÇΓöÇΓöÇΓöÇΓöÇΓöÇΓöÇΓöÇΓöÇΓöÇΓöÇΓöÇΓöÇΓöÇΓöÇΓöÇΓöÇΓöÇΓöÇΓöÇΓöÇΓöÇΓöÇΓöÇΓöÇΓöÇΓöÇΓöÇΓöÇΓöÇ
  Γ£à getAllLootTables() non-empty
  Γ£à getLootTableByPath() finds zombie
  Γ£à zombie loot has pools
  Γ£à getItemIdentifiers() returns ids
  Γ£à entity getLootTables() finds zombie tables

ΓöÇΓöÇ Spawn Rules ΓöÇΓöÇΓöÇΓöÇΓöÇΓöÇΓöÇΓöÇΓöÇΓöÇΓöÇΓöÇΓöÇΓöÇΓöÇΓöÇΓöÇΓöÇΓöÇΓöÇΓöÇΓöÇΓöÇΓöÇΓöÇΓöÇΓöÇΓöÇΓöÇΓöÇΓöÇΓöÇΓöÇΓöÇΓöÇΓöÇΓöÇΓöÇΓöÇ
  Γ£à getAllSpawnRules() non-empty
  Γ£à getSpawnRule() finds armadillo
  Γ£à conditions non-empty
  Γ£à entity getSpawnRule() links zombie

ΓöÇΓöÇ Biomes ΓöÇΓöÇΓöÇΓöÇΓöÇΓöÇΓöÇΓöÇΓöÇΓöÇΓöÇΓöÇΓöÇΓöÇΓöÇΓöÇΓöÇΓöÇΓöÇΓöÇΓöÇΓöÇΓöÇΓöÇΓöÇΓöÇΓöÇΓöÇΓöÇΓöÇΓöÇΓöÇΓöÇΓöÇΓöÇΓöÇΓöÇΓöÇΓöÇΓöÇΓöÇΓöÇΓöÇΓöÇ
  Γ£à getAllBiomes() non-empty
  Γ£à getBiome() finds bamboo_jungle
  Γ£à getMusicDefinition() resolves eventName

ΓöÇΓöÇ Animations ΓöÇΓöÇΓöÇΓöÇΓöÇΓöÇΓöÇΓöÇΓöÇΓöÇΓöÇΓöÇΓöÇΓöÇΓöÇΓöÇΓöÇΓöÇΓöÇΓöÇΓöÇΓöÇΓöÇΓöÇΓöÇΓöÇΓöÇΓöÇΓöÇΓöÇΓöÇΓöÇΓöÇΓöÇΓöÇΓöÇΓöÇΓöÇΓöÇΓöÇ
  Γ£à getAllAnimations() non-empty
node.exe :   Γ¥î getAnimation() works
At line:1 char:1
+ & "C:\Program Files\nodejs/node.exe" "C:\Users\Pixelmancer\AppData\Ro ...
+ ~~~~~~~~~~~~~~~~~~~~~~~~~~~~~~~~~~~~~~~~~~~~~~~~~~~~~~~~~~~~~~~~~~~~~
    + CategoryInfo          : NotSpecified: (  Γ¥î getAnimation() works:String) [], RemoteException
    + FullyQualifiedErrorId : NativeCommandError
 
  Γ£à entity getAnimations() resolves from RpEntity

ΓöÇΓöÇ Animation Controllers ΓöÇΓöÇΓöÇΓöÇΓöÇΓöÇΓöÇΓöÇΓöÇΓöÇΓöÇΓöÇΓöÇΓöÇΓöÇΓöÇΓöÇΓöÇΓöÇΓöÇΓöÇΓöÇΓöÇΓöÇΓöÇΓöÇΓöÇΓöÇΓöÇ
  Γ£à getAllAnimationControllers() non-empty
  Γ£à has states
  Γ£à has initialState

ΓöÇΓöÇ Render Controllers ΓöÇΓöÇΓöÇΓöÇΓöÇΓöÇΓöÇΓöÇΓöÇΓöÇΓöÇΓöÇΓöÇΓöÇΓöÇΓöÇΓöÇΓöÇΓöÇΓöÇΓöÇΓöÇΓöÇΓöÇΓöÇΓöÇΓöÇΓöÇΓöÇΓöÇΓöÇΓöÇ
  Γ£à getAllRenderControllers() non-empty
  Γ£à getRenderController() finds agent

ΓöÇΓöÇ Attachables ΓöÇΓöÇΓöÇΓöÇΓöÇΓöÇΓöÇΓöÇΓöÇΓöÇΓöÇΓöÇΓöÇΓöÇΓöÇΓöÇΓöÇΓöÇΓöÇΓöÇΓöÇΓöÇΓöÇΓöÇΓöÇΓöÇΓöÇΓöÇΓöÇΓöÇΓöÇΓöÇΓöÇΓöÇΓöÇΓöÇΓöÇΓöÇΓöÇ
  Γ£à getAllAttachables() non-empty
  Γ£à getAttachable() finds bow
  Γ£à textures non-empty
  Γ£à materials non-empty

ΓöÇΓöÇ Geometries ΓöÇΓöÇΓöÇΓöÇΓöÇΓöÇΓöÇΓöÇΓöÇΓöÇΓöÇΓöÇΓöÇΓöÇΓöÇΓöÇΓöÇΓöÇΓöÇΓöÇΓöÇΓöÇΓöÇΓöÇΓöÇΓöÇΓöÇΓöÇΓöÇΓöÇΓöÇΓöÇΓöÇΓöÇΓöÇΓöÇΓöÇΓöÇΓöÇΓöÇ
  Γ£à getAllGeometries() non-empty
  Γ£à getGeometry() finds humanoid
  Γ£à textureWidth is number
  Γ£à textureHeight is number
  Γ£à bones non-empty
  Γ£à getBone() finds body
  Γ£à rootBones returns array
  Γ£à getChildBones() returns array

ΓöÇΓöÇ Trading Tables ΓöÇΓöÇΓöÇΓöÇΓöÇΓöÇΓöÇΓöÇΓöÇΓöÇΓöÇΓöÇΓöÇΓöÇΓöÇΓöÇΓöÇΓöÇΓöÇΓöÇΓöÇΓöÇΓöÇΓöÇΓöÇΓöÇΓöÇΓöÇΓöÇΓöÇΓöÇΓöÇΓöÇΓöÇΓöÇΓöÇ
  Γ£à getAllTradingTables() non-empty
  Γ£à getTradingTable() finds armorer_trades
  Γ£à first trade exists
  Γ£à wants non-empty
  Γ£à gives non-empty
  Γ£à getAllItemIdentifiers() returns ids

ΓöÇΓöÇ Particles ΓöÇΓöÇΓöÇΓöÇΓöÇΓöÇΓöÇΓöÇΓöÇΓöÇΓöÇΓöÇΓöÇΓöÇΓöÇΓöÇΓöÇΓöÇΓöÇΓöÇΓöÇΓöÇΓöÇΓöÇΓöÇΓöÇΓöÇΓöÇΓöÇΓöÇΓöÇΓöÇΓöÇΓöÇΓöÇΓöÇΓöÇΓöÇΓöÇΓöÇΓöÇ
  Γ£à getAllParticles() non-empty
  Γ£à all have identifiers
  Γ£à getParticle() null for unknown
  Γ£à getParticle() finds arrow_spell_emitter
  Γ£à texturePath is string
  Γ£à material is string
  Γ£à components non-empty

ΓöÇΓöÇ Sound Definitions ΓöÇΓöÇΓöÇΓöÇΓöÇΓöÇΓöÇΓöÇΓöÇΓöÇΓöÇΓöÇΓöÇΓöÇΓöÇΓöÇΓöÇΓöÇΓöÇΓöÇΓöÇΓöÇΓöÇΓöÇΓöÇΓöÇΓöÇΓöÇΓöÇΓöÇΓöÇΓöÇΓöÇ
  Γ£à soundDefinitions non-empty
  Γ£à all have ids
  Γ£à getSoundDefinition() null for unknown
  Γ£à getSoundDefinition() finds mob.zombie.say
  Γ£à has category
  Γ£à has files
  Γ£à files have name

ΓöÇΓöÇ Music Definitions ΓöÇΓöÇΓöÇΓöÇΓöÇΓöÇΓöÇΓöÇΓöÇΓöÇΓöÇΓöÇΓöÇΓöÇΓöÇΓöÇΓöÇΓöÇΓöÇΓöÇΓöÇΓöÇΓöÇΓöÇΓöÇΓöÇΓöÇΓöÇΓöÇΓöÇΓöÇΓöÇΓöÇ
  Γ£à musicDefinitions non-empty
  Γ£à getMusicDefinition() null for unknown
  Γ£à getMusicDefinition() finds bamboo_jungle
  Γ£à has eventName
  Γ£à minDelay is number
  Γ£à maxDelay is number
  Γ£à eventName resolves in soundDefinitions

ΓöÇΓöÇ Entity Sound Events ΓöÇΓöÇΓöÇΓöÇΓöÇΓöÇΓöÇΓöÇΓöÇΓöÇΓöÇΓöÇΓöÇΓöÇΓöÇΓöÇΓöÇΓöÇΓöÇΓöÇΓöÇΓöÇΓöÇΓöÇΓöÇΓöÇΓöÇΓöÇΓöÇΓöÇΓöÇ
  Γ£à sounds has entity events
  Γ£à getEntitySoundEvents() finds zombie
  Γ£à events have name and definitionId
  Γ£à entity getSoundEvents() resolves from identifier

ΓöÇΓöÇ Block Sound Events ΓöÇΓöÇΓöÇΓöÇΓöÇΓöÇΓöÇΓöÇΓöÇΓöÇΓöÇΓöÇΓöÇΓöÇΓöÇΓöÇΓöÇΓöÇΓöÇΓöÇΓöÇΓöÇΓöÇΓöÇΓöÇΓöÇΓöÇΓöÇΓöÇΓöÇΓöÇΓöÇ
  Γ£à sounds has block events
  Γ£à getBlockSoundEvents() finds amethyst_block
  Γ£à block getSoundEvents() resolves from identifier

ΓöÇΓöÇ Entities ΓöÇΓöÇΓöÇΓöÇΓöÇΓöÇΓöÇΓöÇΓöÇΓöÇΓöÇΓöÇΓöÇΓöÇΓöÇΓöÇΓöÇΓöÇΓöÇΓöÇΓöÇΓöÇΓöÇΓöÇΓöÇΓöÇΓöÇΓöÇΓöÇΓöÇΓöÇΓöÇΓöÇΓöÇΓöÇΓöÇΓöÇΓöÇΓöÇΓöÇΓöÇΓöÇ
  Γ£à getAllEntities() non-empty
  Γ£à getEntity() finds zombie
  Γ£à zombie has behaviorData
  Γ£à zombie has filePath
  Γ£à getRpEntity() finds zombie
  Γ£à zombie RpEntity has client_entity data
  Γ£à zombie RpEntity has filePath
  Γ£à zombie animationShortnames is object
  Γ£à zombie renderControllerIds is array
  Γ£à entity getAnimationControllers() resolves
  Γ£à entity getRenderControllers() resolves

ΓöÇΓöÇ Blocks ΓöÇΓöÇΓöÇΓöÇΓöÇΓöÇΓöÇΓöÇΓöÇΓöÇΓöÇΓöÇΓöÇΓöÇΓöÇΓöÇΓöÇΓöÇΓöÇΓöÇΓöÇΓöÇΓöÇΓöÇΓöÇΓöÇΓöÇΓöÇΓöÇΓöÇΓöÇΓöÇΓöÇΓöÇΓöÇΓöÇΓöÇΓöÇΓöÇΓöÇΓöÇΓöÇΓöÇΓöÇ
  Γ£à getAllBlocks() non-empty
  Γ£à getBlock() finds golem_heart
  Γ£à data has minecraft:block key
  Γ£à JSON comment stripping works
  Γ£à getLootTable() does not throw

ΓöÇΓöÇ Asset & AssetCollection ΓöÇΓöÇΓöÇΓöÇΓöÇΓöÇΓöÇΓöÇΓöÇΓöÇΓöÇΓöÇΓöÇΓöÇΓöÇΓöÇΓöÇΓöÇΓöÇΓöÇΓöÇΓöÇΓöÇΓöÇΓöÇΓöÇΓöÇ
  Γ£à getAllItems() returns AssetCollection
  Γ£à size is number
  Γ£à has() works
  Γ£à has() false for unknown
  Γ£à get() returns Item
  Γ£à get() undefined for unknown
  Γ£à keys() iterable
  Γ£à values() iterable
  Γ£à entries() iterable
  Γ£à toArray() returns array
  Γ£à for...of iteration works
  Γ£à spread [...items] works
  Γ£à filter() returns AssetCollection
  Γ£à filter() reduces size
  Γ£à filter() items pass predicate
  Γ£à map() returns array
  Γ£à map() applies function
  Γ£à find() returns match
  Γ£à find() undefined when not found
  Γ£à some() true when match
  Γ£à some() false when no match
  Γ£à every() true when all match
  Γ£à every() false when some don't
  Γ£à Asset has documentation array
  Γ£à documentation is empty when no JSDoc comments

ΓöÇΓöÇΓöÇΓöÇΓöÇΓöÇΓöÇΓöÇΓöÇΓöÇΓöÇΓöÇΓöÇΓöÇΓöÇΓöÇΓöÇΓöÇΓöÇΓöÇΓöÇΓöÇΓöÇΓöÇΓöÇΓöÇΓöÇΓöÇΓöÇΓöÇΓöÇΓöÇΓöÇΓöÇΓöÇΓöÇΓöÇΓöÇΓöÇΓöÇΓöÇΓöÇΓöÇΓöÇΓöÇΓöÇΓöÇΓöÇΓöÇΓöÇΓöÇΓöÇΓöÇΓöÇ
  138 passed, 1 failed
